// Jest Snapshot v1, https://goo.gl/fbAQLP

exports[`Overview should render correctly 1`] = `
<Fragment>
  <WithStyles(Component)
    columns={
      Array [
        Object {
          "field": "band",
          "title": "Band",
        },
        Object {
          "field": "festival",
          "title": "Festival",
        },
        Object {
          "field": "year",
          "title": "Year",
        },
        Object {
          "field": "rating",
          "render": [Function],
          "title": "Rating",
        },
      ]
    }
    data={
      Array [
        Object {
          "band": "band",
          "festival": "Wacken",
          "rating": 5,
          "year": 2014,
        },
      ]
    }
    icons={
      Object {
        "FirstPage": Object {
          "$$typeof": Symbol(react.forward_ref),
          "render": [Function],
        },
        "LastPage": Object {
          "$$typeof": Symbol(react.forward_ref),
          "render": [Function],
        },
        "NextPage": Object {
          "$$typeof": Symbol(react.forward_ref),
          "render": [Function],
        },
        "PreviousPage": Object {
          "$$typeof": Symbol(react.forward_ref),
          "render": [Function],
        },
        "ResetSearch": Object {
          "$$typeof": Symbol(react.forward_ref),
          "render": [Function],
        },
        "Search": Object {
          "$$typeof": Symbol(react.forward_ref),
          "render": [Function],
        },
        "SortArrow": Object {
          "$$typeof": Symbol(react.forward_ref),
          "render": [Function],
        },
      }
    }
    options={
      Object {
        "draggable": false,
        "pageSize": 10,
        "showTitle": false,
      }
    }
  />
</Fragment>
`;
