// Jest Snapshot v1, https://goo.gl/fbAQLP

exports[`Authentication should render correctly 1`] = `
<Authenticator>
  <App />
</Authenticator>
`;
